mode: set
github.com/bulwarkid/virtual-fido/cmd/virtual-fido/internal/client/client.go:42.77,48.2 1 1
github.com/bulwarkid/virtual-fido/cmd/virtual-fido/internal/client/client.go:53.49,53.64 1 0
github.com/bulwarkid/virtual-fido/cmd/virtual-fido/internal/client/client.go:54.49,54.65 1 0
github.com/bulwarkid/virtual-fido/cmd/virtual-fido/internal/client/client.go:56.259,57.28 1 1
github.com/bulwarkid/virtual-fido/cmd/virtual-fido/internal/client/client.go:57.28,59.3 1 1
github.com/bulwarkid/virtual-fido/cmd/virtual-fido/internal/client/client.go:60.2,60.19 1 1
github.com/bulwarkid/virtual-fido/cmd/virtual-fido/internal/client/client.go:60.19,62.3 1 0
github.com/bulwarkid/virtual-fido/cmd/virtual-fido/internal/client/client.go:63.2,63.21 1 1
github.com/bulwarkid/virtual-fido/cmd/virtual-fido/internal/client/client.go:63.21,65.3 1 0
github.com/bulwarkid/virtual-fido/cmd/virtual-fido/internal/client/client.go:66.2,66.28 1 1
github.com/bulwarkid/virtual-fido/cmd/virtual-fido/internal/client/client.go:66.28,68.3 1 1
github.com/bulwarkid/virtual-fido/cmd/virtual-fido/internal/client/client.go:69.2,70.33 2 1
github.com/bulwarkid/virtual-fido/cmd/virtual-fido/internal/client/client.go:70.33,71.38 1 0
github.com/bulwarkid/virtual-fido/cmd/virtual-fido/internal/client/client.go:71.38,73.4 1 0
github.com/bulwarkid/virtual-fido/cmd/virtual-fido/internal/client/client.go:75.2,85.12 4 1
github.com/bulwarkid/virtual-fido/cmd/virtual-fido/internal/client/client.go:88.135,90.25 2 1
github.com/bulwarkid/virtual-fido/cmd/virtual-fido/internal/client/client.go:90.25,95.3 2 1
github.com/bulwarkid/virtual-fido/cmd/virtual-fido/internal/client/client.go:95.8,97.3 1 0
github.com/bulwarkid/virtual-fido/cmd/virtual-fido/internal/client/client.go:98.2,115.12 4 1
github.com/bulwarkid/virtual-fido/cmd/virtual-fido/internal/client/client.go:118.82,122.2 3 1
github.com/bulwarkid/virtual-fido/cmd/virtual-fido/internal/client/client.go:124.95,127.31 3 0
github.com/bulwarkid/virtual-fido/cmd/virtual-fido/internal/client/client.go:127.31,129.3 1 0
github.com/bulwarkid/virtual-fido/cmd/virtual-fido/internal/client/client.go:130.2,130.17 1 0
github.com/bulwarkid/virtual-fido/cmd/virtual-fido/internal/client/client.go:133.71,134.18 1 1
github.com/bulwarkid/virtual-fido/cmd/virtual-fido/internal/client/client.go:134.18,136.3 1 0
github.com/bulwarkid/virtual-fido/cmd/virtual-fido/internal/client/client.go:137.2,138.11 2 1
github.com/bulwarkid/virtual-fido/cmd/virtual-fido/internal/client/client.go:141.80,147.2 2 0
github.com/bulwarkid/virtual-fido/cmd/virtual-fido/internal/client/client.go:150.56,150.70 1 0
github.com/bulwarkid/virtual-fido/cmd/virtual-fido/internal/client/client.go:151.57,151.58 0 0
github.com/bulwarkid/virtual-fido/cmd/virtual-fido/internal/client/client.go:152.56,152.68 1 0
github.com/bulwarkid/virtual-fido/cmd/virtual-fido/internal/client/client.go:153.57,153.58 0 0
github.com/bulwarkid/virtual-fido/cmd/virtual-fido/internal/client/client.go:154.56,154.91 1 0
github.com/bulwarkid/virtual-fido/cmd/virtual-fido/internal/client/client.go:155.56,155.70 1 0
github.com/bulwarkid/virtual-fido/cmd/virtual-fido/internal/client/client.go:159.52,159.96 1 0
github.com/bulwarkid/virtual-fido/cmd/virtual-fido/internal/client/client.go:161.56,163.2 1 0
github.com/bulwarkid/virtual-fido/cmd/virtual-fido/internal/client/client.go:165.58,167.2 1 0
github.com/bulwarkid/virtual-fido/cmd/virtual-fido/internal/client/client.go:169.71,172.2 2 0
github.com/bulwarkid/virtual-fido/cmd/virtual-fido/internal/client/client.go:174.73,177.2 2 0
github.com/bulwarkid/virtual-fido/cmd/virtual-fido/internal/client/client.go:181.70,182.27 1 1
github.com/bulwarkid/virtual-fido/cmd/virtual-fido/internal/client/client.go:182.27,183.76 1 1
github.com/bulwarkid/virtual-fido/cmd/virtual-fido/internal/client/client.go:183.76,185.4 1 1
github.com/bulwarkid/virtual-fido/cmd/virtual-fido/internal/client/client.go:187.2,187.14 1 1
github.com/bulwarkid/virtual-fido/cmd/virtual-fido/internal/client/client.go:190.67,196.2 5 1
github.com/bulwarkid/virtual-fido/cmd/virtual-fido/internal/client/client.go:198.62,210.2 11 1
github.com/bulwarkid/virtual-fido/cmd/virtual-fido/internal/client/client.go:212.59,215.39 3 1
github.com/bulwarkid/virtual-fido/cmd/virtual-fido/internal/client/client.go:215.39,216.13 1 0
github.com/bulwarkid/virtual-fido/cmd/virtual-fido/internal/client/client.go:218.2,218.12 1 1
github.com/bulwarkid/virtual-fido/cmd/virtual-fido/internal/client/client.go:222.89,233.16 11 0
github.com/bulwarkid/virtual-fido/cmd/virtual-fido/internal/client/client.go:233.16,235.3 1 0
github.com/bulwarkid/virtual-fido/cmd/virtual-fido/internal/client/client.go:236.2,236.23 1 0
