mode: set
github.com/bulwarkid/virtual-fido/ctap/ctap.go:102.51,104.2 1 1
github.com/bulwarkid/virtual-fido/ctap/ctap.go:106.61,109.17 3 1
github.com/bulwarkid/virtual-fido/ctap/ctap.go:110.33,111.47 1 1
github.com/bulwarkid/virtual-fido/ctap/ctap.go:112.26,113.32 1 1
github.com/bulwarkid/virtual-fido/ctap/ctap.go:114.31,115.45 1 1
github.com/bulwarkid/virtual-fido/ctap/ctap.go:116.28,117.42 1 0
github.com/bulwarkid/virtual-fido/ctap/ctap.go:118.10,120.46 2 0
github.com/bulwarkid/virtual-fido/ctap/ctap.go:157.87,160.2 2 0
github.com/bulwarkid/virtual-fido/ctap/ctap.go:162.138,164.2 1 1
github.com/bulwarkid/virtual-fido/ctap/ctap.go:186.48,198.2 1 1
github.com/bulwarkid/virtual-fido/ctap/ctap.go:207.68,215.46 7 1
github.com/bulwarkid/virtual-fido/ctap/ctap.go:215.46,216.84 1 1
github.com/bulwarkid/virtual-fido/ctap/ctap.go:216.84,218.4 1 1
github.com/bulwarkid/virtual-fido/ctap/ctap.go:220.2,220.16 1 1
github.com/bulwarkid/virtual-fido/ctap/ctap.go:220.16,223.3 2 1
github.com/bulwarkid/virtual-fido/ctap/ctap.go:225.2,225.33 1 1
github.com/bulwarkid/virtual-fido/ctap/ctap.go:225.33,226.64 1 0
github.com/bulwarkid/virtual-fido/ctap/ctap.go:226.64,228.50 2 0
github.com/bulwarkid/virtual-fido/ctap/ctap.go:228.50,230.5 1 0
github.com/bulwarkid/virtual-fido/ctap/ctap.go:231.4,231.44 1 0
github.com/bulwarkid/virtual-fido/ctap/ctap.go:232.9,232.74 1 0
github.com/bulwarkid/virtual-fido/ctap/ctap.go:232.74,234.4 1 0
github.com/bulwarkid/virtual-fido/ctap/ctap.go:234.9,234.71 1 0
github.com/bulwarkid/virtual-fido/ctap/ctap.go:234.71,236.4 1 0
github.com/bulwarkid/virtual-fido/ctap/ctap.go:239.2,239.69 1 1
github.com/bulwarkid/virtual-fido/ctap/ctap.go:239.69,242.3 2 1
github.com/bulwarkid/virtual-fido/ctap/ctap.go:243.2,246.29 3 1
github.com/bulwarkid/virtual-fido/ctap/ctap.go:246.29,249.3 2 0
github.com/bulwarkid/virtual-fido/ctap/ctap.go:250.2,261.77 5 1
github.com/bulwarkid/virtual-fido/ctap/ctap.go:281.50,292.33 2 1
github.com/bulwarkid/virtual-fido/ctap/ctap.go:292.33,296.3 3 0
github.com/bulwarkid/virtual-fido/ctap/ctap.go:297.2,298.77 2 1
github.com/bulwarkid/virtual-fido/ctap/ctap.go:325.66,329.16 4 1
github.com/bulwarkid/virtual-fido/ctap/ctap.go:329.16,332.3 2 0
github.com/bulwarkid/virtual-fido/ctap/ctap.go:333.2,335.33 2 1
github.com/bulwarkid/virtual-fido/ctap/ctap.go:335.33,336.33 1 0
github.com/bulwarkid/virtual-fido/ctap/ctap.go:336.33,337.35 1 0
github.com/bulwarkid/virtual-fido/ctap/ctap.go:337.35,339.5 1 0
github.com/bulwarkid/virtual-fido/ctap/ctap.go:340.4,341.50 2 0
github.com/bulwarkid/virtual-fido/ctap/ctap.go:341.50,343.5 1 0
github.com/bulwarkid/virtual-fido/ctap/ctap.go:344.4,344.44 1 0
github.com/bulwarkid/virtual-fido/ctap/ctap.go:348.2,350.29 3 1
github.com/bulwarkid/virtual-fido/ctap/ctap.go:350.29,353.3 2 1
github.com/bulwarkid/virtual-fido/ctap/ctap.go:355.2,355.68 1 1
github.com/bulwarkid/virtual-fido/ctap/ctap.go:355.68,356.59 1 1
github.com/bulwarkid/virtual-fido/ctap/ctap.go:356.59,359.4 2 1
github.com/bulwarkid/virtual-fido/ctap/ctap.go:360.3,360.69 1 1
github.com/bulwarkid/virtual-fido/ctap/ctap.go:363.2,379.77 8 1
github.com/bulwarkid/virtual-fido/ctap/ctap.go:409.43,417.2 1 1
github.com/bulwarkid/virtual-fido/ctap/ctap.go:425.47,430.2 1 1
github.com/bulwarkid/virtual-fido/ctap/ctap.go:432.80,435.2 2 0
github.com/bulwarkid/virtual-fido/ctap/ctap.go:437.82,441.2 3 0
github.com/bulwarkid/virtual-fido/ctap/ctap.go:443.94,445.2 1 0
github.com/bulwarkid/virtual-fido/ctap/ctap.go:447.86,450.36 3 0
github.com/bulwarkid/virtual-fido/ctap/ctap.go:450.36,451.33 1 0
github.com/bulwarkid/virtual-fido/ctap/ctap.go:451.33,453.9 2 0
github.com/bulwarkid/virtual-fido/ctap/ctap.go:456.2,456.21 1 0
github.com/bulwarkid/virtual-fido/ctap/ctap.go:459.63,460.34 1 1
github.com/bulwarkid/virtual-fido/ctap/ctap.go:460.34,462.3 1 0
github.com/bulwarkid/virtual-fido/ctap/ctap.go:463.2,465.16 3 1
github.com/bulwarkid/virtual-fido/ctap/ctap.go:465.16,468.3 2 0
github.com/bulwarkid/virtual-fido/ctap/ctap.go:469.2,469.33 1 1
github.com/bulwarkid/virtual-fido/ctap/ctap.go:469.33,471.3 1 0
github.com/bulwarkid/virtual-fido/ctap/ctap.go:472.2,474.25 3 1
github.com/bulwarkid/virtual-fido/ctap/ctap.go:475.37,476.39 1 1
github.com/bulwarkid/virtual-fido/ctap/ctap.go:477.42,478.44 1 1
github.com/bulwarkid/virtual-fido/ctap/ctap.go:479.33,480.39 1 0
github.com/bulwarkid/virtual-fido/ctap/ctap.go:481.36,482.42 1 0
github.com/bulwarkid/virtual-fido/ctap/ctap.go:483.38,484.44 1 0
github.com/bulwarkid/virtual-fido/ctap/ctap.go:485.10,486.44 1 0
github.com/bulwarkid/virtual-fido/ctap/ctap.go:488.2,489.17 2 1
github.com/bulwarkid/virtual-fido/ctap/ctap.go:492.53,499.2 4 1
github.com/bulwarkid/virtual-fido/ctap/ctap.go:501.58,513.2 4 1
github.com/bulwarkid/virtual-fido/ctap/ctap.go:515.67,516.36 1 0
github.com/bulwarkid/virtual-fido/ctap/ctap.go:516.36,518.3 1 0
github.com/bulwarkid/virtual-fido/ctap/ctap.go:519.2,519.90 1 0
github.com/bulwarkid/virtual-fido/ctap/ctap.go:519.90,521.3 1 0
github.com/bulwarkid/virtual-fido/ctap/ctap.go:522.2,524.48 3 0
github.com/bulwarkid/virtual-fido/ctap/ctap.go:524.48,526.3 1 0
github.com/bulwarkid/virtual-fido/ctap/ctap.go:527.2,528.27 2 0
github.com/bulwarkid/virtual-fido/ctap/ctap.go:528.27,530.3 1 0
github.com/bulwarkid/virtual-fido/ctap/ctap.go:531.2,535.38 5 0
github.com/bulwarkid/virtual-fido/ctap/ctap.go:538.70,539.60 1 0
github.com/bulwarkid/virtual-fido/ctap/ctap.go:539.60,541.3 1 0
github.com/bulwarkid/virtual-fido/ctap/ctap.go:542.2,542.37 1 0
github.com/bulwarkid/virtual-fido/ctap/ctap.go:542.37,544.3 1 0
github.com/bulwarkid/virtual-fido/ctap/ctap.go:545.2,547.48 3 0
github.com/bulwarkid/virtual-fido/ctap/ctap.go:547.48,549.3 1 0
github.com/bulwarkid/virtual-fido/ctap/ctap.go:550.2,552.61 3 0
github.com/bulwarkid/virtual-fido/ctap/ctap.go:552.61,555.3 1 0
github.com/bulwarkid/virtual-fido/ctap/ctap.go:556.2,558.21 3 0
github.com/bulwarkid/virtual-fido/ctap/ctap.go:558.21,560.3 1 0
github.com/bulwarkid/virtual-fido/ctap/ctap.go:561.2,563.38 3 0
github.com/bulwarkid/virtual-fido/ctap/ctap.go:566.72,567.63 1 0
github.com/bulwarkid/virtual-fido/ctap/ctap.go:567.63,569.3 1 0
github.com/bulwarkid/virtual-fido/ctap/ctap.go:570.2,570.37 1 0
github.com/bulwarkid/virtual-fido/ctap/ctap.go:570.37,572.3 1 0
github.com/bulwarkid/virtual-fido/ctap/ctap.go:573.2,577.52 5 0
github.com/bulwarkid/virtual-fido/ctap/ctap.go:577.52,581.3 2 0
github.com/bulwarkid/virtual-fido/ctap/ctap.go:582.2,587.77 4 0
github.com/bulwarkid/virtual-fido/ctap/helpers.go:13.87,16.2 2 1
github.com/bulwarkid/virtual-fido/ctap/helpers.go:19.129,20.35 1 1
github.com/bulwarkid/virtual-fido/ctap/helpers.go:20.35,22.3 1 1
github.com/bulwarkid/virtual-fido/ctap/helpers.go:22.8,24.3 1 1
github.com/bulwarkid/virtual-fido/ctap/helpers.go:25.2,26.125 2 1
github.com/bulwarkid/virtual-fido/ctap/helpers.go:30.125,45.2 5 1
github.com/bulwarkid/virtual-fido/ctap/helpers.go:48.134,57.2 4 0
github.com/bulwarkid/virtual-fido/ctap/helpers.go:60.72,64.2 3 0
github.com/bulwarkid/virtual-fido/ctap/helpers.go:67.68,71.2 3 0
